c:\development\github\egl\build_clang\egl.dir\debug\egl.obj
c:\development\github\egl\build_clang\egl.dir\debug\egl_context.obj
c:\development\github\egl\build_clang\egl.dir\debug\egl_windows.obj
c:\development\github\egl\build_clang\egl.dir\debug\egl_windows_angle.obj
c:\development\github\egl\build_clang\egl.dir\debug\egl_image.obj
c:\development\github\egl\build_clang\egl.dir\debug\egl_display.obj
c:\development\github\egl\build_clang\egl.dir\debug\egl_surface.obj
c:\development\github\egl\build_clang\egl.dir\debug\egl_windows_vk.obj
c:\development\github\egl\build_clang\egl.dir\debug\egl_api.obj
c:\development\github\egl\build_clang\egl.dir\debug\egl_sync.obj
c:\development\github\egl\build_clang\egl.dir\debug\egl_config.obj
c:\development\github\egl\build_clang\egl.dir\debug\egl_globals.obj
c:\development\github\egl\build_clang\cmakefiles\generate.stamp
c:\development\github\egl\lib\libegl.lib
c:\development\github\egl\lib\libegl.pdb
c:\development\github\egl\build_clang\egl.dir\debug\egl.tlog\cl.items.tlog
c:\development\github\egl\build_clang\egl.dir\debug\egl.tlog\clang-cl.command.1.tlog
c:\development\github\egl\build_clang\egl.dir\debug\egl.tlog\clang-cl.read.1.tlog
c:\development\github\egl\build_clang\egl.dir\debug\egl.tlog\clang-cl.write.1.tlog
c:\development\github\egl\build_clang\egl.dir\debug\egl.tlog\custombuild.command.1.tlog
c:\development\github\egl\build_clang\egl.dir\debug\egl.tlog\custombuild.read.1.tlog
c:\development\github\egl\build_clang\egl.dir\debug\egl.tlog\custombuild.write.1.tlog
c:\development\github\egl\build_clang\egl.dir\debug\egl.tlog\llvm-lib.command.1.tlog
c:\development\github\egl\build_clang\egl.dir\debug\egl.tlog\llvm-lib.read.1.tlog
c:\development\github\egl\build_clang\egl.dir\debug\egl.tlog\llvm-lib.write.1.tlog
